Microchip MPLAB XC8 Compiler V2.10 ()

Linker command line:

-W-3 --edf=C:\Program Files (x86)\Microchip\xc8\v2.10\pic\dat\en_msgs.txt \
  -cs -h+dist/default/production\lab09.X.production.sym \
  --cmf=dist/default/production\lab09.X.production.cmf -z -Q18F26K22 \
  -oC:\Users\thsid\AppData\Local\Temp\s4ec.2 --defsym=__MPLAB_BUILD=1 \
  -Mdist/default/production/lab09.X.production.map -E1 -ver=XC8 \
  --acfsm=1493 -ASTACK=04F4h-0F37h -pstack=STACK -ACODE=00h-0FFFFh \
  -ACONST=00h-0FFFFh -ASMALLCONST=01000h-010FFhx240 \
  -AMEDIUMCONST=01000h-0FFFFh -ACOMRAM=01h-05Fh -AABS1=00h-0F37h \
  -ABIGRAM=01h-0F37h -ARAM=060h-0FFh,0100h-01FFhx14,0F00h-0F37h \
  -ABANK0=060h-0FFh -ABANK1=0100h-01FFh -ABANK2=0200h-02FFh \
  -ABANK3=0300h-03FFh -ABANK4=0400h-04FFh -ABANK5=0500h-05FFh \
  -ABANK6=0600h-06FFh -ABANK7=0700h-07FFh -ABANK8=0800h-08FFh \
  -ABANK9=0900h-09FFh -ABANK10=0A00h-0AFFh -ABANK11=0B00h-0BFFh \
  -ABANK12=0C00h-0CFFh -ABANK13=0D00h-0DFFh -ABANK14=0E00h-0EFFh \
  -ABANK15=0F00h-0F37h -ASFR=0F38h-0F5Fh,0F60h-0FFFh \
  -preset_vec=00h,intcode=08h,intcodelo,powerup,init -pramtop=01000h \
  -psmallconst=SMALLCONST -pmediumconst=MEDIUMCONST -pconst=CONST \
  -AFARRAM=00h-00h -ACONFIG=0300000h-030000Dh -pconfig=CONFIG \
  -AIDLOC=0200000h-0200007h -pidloc=IDLOC -AEEDATA=0F00000h-0F003FFh \
  -peeprom_data=EEDATA \
  -prdata=COMRAM,nvrram=COMRAM,nvbit=COMRAM,rbss=COMRAM,rbit=COMRAM \
  -pfarbss=FARRAM,fardata=FARRAM,nvFARRAM=FARRAM \
  -pintsave_regs=BIGRAM,bigbss=BIGRAM,bigdata=BIGRAM -pbss=RAM \
  -pidata=CODE,irdata=CODE,ibigdata=CODE,ifardata=CODE -prparam=COMRAM \
  C:\Users\thsid\AppData\Local\Temp\s4ec.o \
  dist/default/production\lab09.X.production.o 

Object code version is 3.11

Machine type is 18F26K22

Call graph: (short form)




                Name                               Link     Load   Length Selector   Space Scale
C:\Users\thsid\AppData\Local\Temp\s4ec.o
                init                                 4E       4E        4        4       0
                reset_vec                             0        0        4        0       0
                idloc                            200000   200000        8   200000       0
                config                           300000   300000        E   300000       0
dist/default/production\lab09.X.production.o
                intcode                               8        8       46        4       0
                temp                                 4F       4F        1        1       1
                mediumconst                        F9EC     F9EC      614     7CF6       0
                text53                             2690     2690       1E        4       0
                text52                             2772     2772        A        4       0
                text51                             1CE6     1CE6       DA        4       0
                text50                             2786     2786        2        4       0
                text49                             2566     2566       36        4       0
                text47                             2624     2624       28        4       0
                text46                             2710     2710       14        4       0
                text45                             26CA     26CA       1A        4       0
                text44                             264C     264C       26        4       0
                text43                             24F8     24F8       38        4       0
                text42                             2300     2300       52        4       0
                text41                             16DA     16DA      19A        4       0
                text40                             26FA     26FA       16        4       0
                text39                             2768     2768        A        4       0
                text38                             2060     2060       96        4       0
                text37                             2352     2352       44        4       0
                text36                             2530     2530       36        4       0
                text35                             1DC0     1DC0       C2        4       0
                text34                             22A6     22A6       5A        4       0
                text33                             1874     1874      188        4       0
                text32                             1B82     1B82      164        4       0
                text31                             2396     2396       40        4       0
                text30                              F32      F32      2E2        4       0
                text29                             2414     2414       3C        4       0
                text28                             24C0     24C0       38        4       0
                text27                             2488     2488       38        4       0
                text26                             2248     2248       5E        4       0
                text25                             1214     1214      2DA        4       0
                text24                              A56      A56      4DC        4       0
                text23                             2184     2184       64        4       0
                text22                             25FC     25FC       28        4       0
                text21                             1FC8     1FC8       98        4       0
                text20                             19FC     19FC      186        4       0
                text19                             2450     2450       38        4       0
                text18                             1F2E     1F2E       9A        4       0
                text17                             20F6     20F6       8E        4       0
                text16                             2780     2780        4        4       0
                text15                             1E82     1E82       AC        4       0
                text14                             26E4     26E4       16        4       0
                text13                             275E     275E        A        4       0
                text12                             2754     2754        A        4       0
                text11                             274A     274A        A        4       0
                text10                             23D6     23D6       3E        4       0
                text9                              277C     277C        4        4       0
                text8                              26AE     26AE       1C        4       0
                text7                              25D0     25D0       2C        4       0
                text6                              2724     2724       12        4       0
                text5                              2740     2740        A        4       0
                text4                              259C     259C       34        4       0
                text3                              2672     2672       1E        4       0
                text2                              2736     2736        A        4       0
                text1                              14EE     14EE      1EC        4       0
                text0                                52       52      A04        4       0
                cstackCOMRAM                          1        1       3F        1       1
                cstackBANK0                          60       60       66       60       1
                bssBIGRAM                            F4       F4      400       F4       1
                dataBANK0                            F2       F2        2       60       1
                bssBANK0                             C6       C6       2C       60       1
                dataCOMRAM                           4E       4E        1        1       1
                bssCOMRAM                            40       40        E        1       1
                cinit                              21E8     21E8       60        4       0
                idataBANK0                         2784     2784        2        4       0
                idataCOMRAM                        2788     2788        1        4       0

TOTAL           Name                               Link     Load   Length     Space
        CLASS   STACK          

        CLASS   CODE           
                intcode                               8        8       46         0
                init                                 4E       4E        4         0
                reset_vec                             0        0        4         0
                text53                             2690     2690       1E         0
                text52                             2772     2772        A         0
                text51                             1CE6     1CE6       DA         0
                text50                             2786     2786        2         0
                text49                             2566     2566       36         0
                text47                             2624     2624       28         0
                text46                             2710     2710       14         0
                text45                             26CA     26CA       1A         0
                text44                             264C     264C       26         0
                text43                             24F8     24F8       38         0
                text42                             2300     2300       52         0
                text41                             16DA     16DA      19A         0
                text40                             26FA     26FA       16         0
                text39                             2768     2768        A         0
                text38                             2060     2060       96         0
                text37                             2352     2352       44         0
                text36                             2530     2530       36         0
                text35                             1DC0     1DC0       C2         0
                text34                             22A6     22A6       5A         0
                text33                             1874     1874      188         0
                text32                             1B82     1B82      164         0
                text31                             2396     2396       40         0
                text30                              F32      F32      2E2         0
                text29                             2414     2414       3C         0
                text28                             24C0     24C0       38         0
                text27                             2488     2488       38         0
                text26                             2248     2248       5E         0
                text25                             1214     1214      2DA         0
                text24                              A56      A56      4DC         0
                text23                             2184     2184       64         0
                text22                             25FC     25FC       28         0
                text21                             1FC8     1FC8       98         0
                text20                             19FC     19FC      186         0
                text19                             2450     2450       38         0
                text18                             1F2E     1F2E       9A         0
                text17                             20F6     20F6       8E         0
                text16                             2780     2780        4         0
                text15                             1E82     1E82       AC         0
                text14                             26E4     26E4       16         0
                text13                             275E     275E        A         0
                text12                             2754     2754        A         0
                text11                             274A     274A        A         0
                text10                             23D6     23D6       3E         0
                text9                              277C     277C        4         0
                text8                              26AE     26AE       1C         0
                text7                              25D0     25D0       2C         0
                text6                              2724     2724       12         0
                text5                              2740     2740        A         0
                text4                              259C     259C       34         0
                text3                              2672     2672       1E         0
                text2                              2736     2736        A         0
                text1                              14EE     14EE      1EC         0
                text0                                52       52      A04         0
                cinit                              21E8     21E8       60         0
                idataBANK0                         2784     2784        2         0
                idataCOMRAM                        2788     2788        1         0

        CLASS   CONST          

        CLASS   SMALLCONST     

        CLASS   MEDIUMCONST    
                mediumconst                        F9EC     F9EC      614         0

        CLASS   COMRAM         
                temp                                 4F       4F        1         1
                cstackCOMRAM                          1        1       3F         1
                dataCOMRAM                           4E       4E        1         1
                bssCOMRAM                            40       40        E         1

        CLASS   ABS1           

        CLASS   BIGRAM         
                bssBIGRAM                            F4       F4      400         1

        CLASS   RAM            

        CLASS   BANK0          
                cstackBANK0                          60       60       66         1
                dataBANK0                            F2       F2        2         1
                bssBANK0                             C6       C6       2C         1

        CLASS   BANK1          

        CLASS   BANK2          

        CLASS   BANK3          

        CLASS   BANK4          

        CLASS   BANK5          

        CLASS   BANK6          

        CLASS   BANK7          

        CLASS   BANK8          

        CLASS   BANK9          

        CLASS   BANK10         

        CLASS   BANK11         

        CLASS   BANK12         

        CLASS   BANK13         

        CLASS   BANK14         

        CLASS   BANK15         

        CLASS   SFR            

        CLASS   FARRAM         

        CLASS   CONFIG         
                config                           300000   300000        E         0

        CLASS   IDLOC          
                idloc                            200000   200000        8         0

        CLASS   EEDATA         



SEGMENTS        Name                           Load    Length   Top    Selector   Space  Class

                reset_vec                      000000  000004  000004         0       0  CODE    
                cstackCOMRAM                   000001  00004F  000050         1       1  COMRAM  
                intcode                        000008  002781  002789         4       0  CODE    
                cstackBANK0                    000060  000094  0000F4        60       1  BANK0   
                bssBIGRAM                      0000F4  000400  0004F4        F4       1  BIGRAM  
                mediumconst                    00F9EC  000614  010000      7CF6       0  MEDIUMCO
                idloc                          200000  000008  200008    200000       0  IDLOC   
                config                         300000  00000E  30000E    300000       0  CONFIG  


UNUSED ADDRESS RANGES

        Name                Unused          Largest block    Delta
        BANK10           000A00-000AFF              100
        BANK11           000B00-000BFF              100
        BANK12           000C00-000CFF              100
        BANK13           000D00-000DFF              100
        BANK14           000E00-000EFF              100
        BANK15           000F00-000F37               38
        BANK4            0004F4-0004FF                C
        BANK5            000500-0005FF              100
        BANK6            000600-0006FF              100
        BANK7            000700-0007FF              100
        BANK8            000800-0008FF              100
        BANK9            000900-0009FF              100
        BIGRAM           000050-00005F               10
                         0004F4-000F37              A44
        CODE             000004-000007                4
                         002789-00F9EB             D263
        COMRAM           000050-00005F               10
        CONST            000004-000007                4
                         002789-00F9EB             D263
        EEDATA           F00000-F003FF              400
        MEDIUMCONST      002789-00F9EB             D263
        RAM              0004F4-000F37              100
        SFR              000F38-000FFF               28
        SMALLCONST       002789-00F9EB              100
        STACK            0004F4-000F37              A44

                                  Symbol Table

?_TMR0_ReadTimer                                cstackCOMRAM 000001
?___aodiv                                       cstackCOMRAM 000011
?___aomod                                       cstackCOMRAM 000011
?___wmul                                        cstackCOMRAM 000011
?_abs                                           cstackCOMRAM 000023
?_atoi                                          cstackCOMRAM 000018
?_ctoa                                          cstackCOMRAM 00002E
?_dtoa                                          cstackCOMRAM 00002E
?_isalpha                                       cstackCOMRAM 000011
?_isdigit                                       cstackCOMRAM 000011
?_islower                                       cstackCOMRAM 000011
?_isspace                                       cstackCOMRAM 000011
?_isupper                                       cstackCOMRAM 000011
?_pad                                           cstackCOMRAM 000023
?_printf                                        cstackBANK0  0000A3
?_strlen                                        cstackCOMRAM 000011
?_toupper                                       cstackCOMRAM 000017
?_vfpfcnvrt                                     cstackBANK0  00007C
?_vfprintf                                      cstackBANK0  00009B
?_xtoa                                          cstackCOMRAM 00002E
EUSART1_SetErrorHandler@interruptHandler        cstackCOMRAM 000011
EUSART1_SetFramingErrorHandler@interruptHandler cstackCOMRAM 000011
EUSART1_SetOverrunErrorHandler@interruptHandler cstackCOMRAM 000011
EUSART1_Write@txData                            cstackCOMRAM 000011
SDCARD_HCInitialize@i                           cstackBANK0  0000B3
SDCARD_HCInitialize@response                    cstackBANK0  0000B5
SDCARD_HCInitialize@verbose                     cstackBANK0  0000B2
SDCARD_PollWriteComplete@status                 cstackCOMRAM 000012
SDCARD_ReadBlock@addr                           cstackCOMRAM 000012
SDCARD_ReadBlock@i                              cstackCOMRAM 000018
SDCARD_ReadBlock@sdCardBuffer                   cstackCOMRAM 000016
SDCARD_SetIdle@i                                cstackBANK0  0000AF
SDCARD_SetIdle@response                         cstackBANK0  0000AE
SDCARD_SetIdle@verbose                          cstackBANK0  0000AD
SDCARD_WriteBlock@addr                          cstackCOMRAM 000012
SDCARD_WriteBlock@i                             cstackCOMRAM 000018
SDCARD_WriteBlock@sdCardBuffer                  cstackCOMRAM 000016
SPI2_ExchangeByte@data                          cstackCOMRAM 000011
SPI2_Open@spi2UniqueConfiguration               cstackCOMRAM 000012
TMR0_ReadTimer@readVal                          cstackCOMRAM 000005
TMR0_ReadTimer@readValHigh                      cstackCOMRAM 000008
TMR0_ReadTimer@readValLow                       cstackCOMRAM 000007
TMR0_SetInterruptHandler@InterruptHandler       cstackCOMRAM 000011
TMR0_WriteTimer@timerVal                        cstackCOMRAM 000011
_ADCON0                                         (abs)        000FC2
_ADCON0bits                                     (abs)        000FC2
_ADCON1                                         (abs)        000FC1
_ADCON2                                         (abs)        000FC0
_ADC_Initialize                                 text14       0026E4
_ADC_InterruptHandler                           bssBANK0     0000C8
_ADRESH                                         (abs)        000FC4
_ADRESL                                         (abs)        000FC3
_ANSELA                                         (abs)        000F38
_ANSELB                                         (abs)        000F39
_ANSELC                                         (abs)        000F3A
_BAUDCON1                                       (abs)        000FB8
_EUSART1_DefaultErrorHandler                    (abs)        000000
_EUSART1_DefaultFramingErrorHandler             (abs)        000000
_EUSART1_DefaultOverrunErrorHandler             (abs)        000000
_EUSART1_ErrorHandler                           bssBANK0     0000CA
_EUSART1_FramingErrorHandler                    bssBANK0     0000CE
_EUSART1_Initialize                             text10       0023D6
_EUSART1_OverrunErrorHandler                    bssBANK0     0000CC
_EUSART1_Read                                   text47       002624
_EUSART1_SetErrorHandler                        text13       00275E
_EUSART1_SetFramingErrorHandler                 text12       002754
_EUSART1_SetOverrunErrorHandler                 text11       00274A
_EUSART1_Write                                  text40       0026FA
_EUSART1_is_rx_ready                            text46       002710
_INTCON2bits                                    (abs)        000FF1
_INTCONbits                                     (abs)        000FF2
_INTERRUPT_Initialize                           text9        00277C
_INTERRUPT_InterruptManager                     intcode      000008
_LATA                                           (abs)        000F89
_LATB                                           (abs)        000F8A
_LATBbits                                       (abs)        000F8A
_LATC                                           (abs)        000F8B
_OSCCON                                         (abs)        000FD3
_OSCCON2                                        (abs)        000FD2
_OSCILLATOR_Initialize                          text8        0026AE
_OSCTUNE                                        (abs)        000F9B
_PIN_MANAGER_Initialize                         text7        0025D0
_PIR1bits                                       (abs)        000F9E
_PIR3bits                                       (abs)        000FA4
_PLLRDY                                         (abs)        007E97
_RCONbits                                       (abs)        000FD0
_RCREG1                                         (abs)        000FAE
_RCSTA1                                         (abs)        000FAB
_RCSTA1bits                                     (abs)        000FAB
_SDCARD_HCInitialize                            text20       0019FC
_SDCARD_PollWriteComplete                       text19       002450
_SDCARD_ReadBlock                               text18       001F2E
_SDCARD_SetIdle                                 text21       001FC8
_SDCARD_WriteBlock                              text17       0020F6
_SPBRG1                                         (abs)        000FAF
_SPBRGH1                                        (abs)        000FB0
_SPI2_Close                                     text16       002780
_SPI2_ExchangeByte                              text45       0026CA
_SPI2_Initialize                                text6        002724
_SPI2_Open                                      text15       001E82
_SSP2ADD                                        (abs)        000F6E
_SSP2BUF                                        (abs)        000F6F
_SSP2CON1                                       (abs)        000F6C
_SSP2CON1bits                                   (abs)        000F6C
_SSP2CON2                                       (abs)        000F6B
_SSP2STAT                                       (abs)        000F6D
_SYSTEM_Initialize                              text3        002672
_T0CON                                          (abs)        000FD5
_T0CONbits                                      (abs)        000FD5
_TMR0H                                          (abs)        000FD7
_TMR0L                                          (abs)        000FD6
_TMR0_DefaultInterruptHandler                   text50       002786
_TMR0_ISR                                       text49       002566
_TMR0_Initialize                                text4        00259C
_TMR0_InterruptHandler                          bssCOMRAM    00004A
_TMR0_ReadTimer                                 text53       002690
_TMR0_SetInterruptHandler                       text5        002740
_TMR0_WriteTimer                                text2        002736
_TRISA                                          (abs)        000F92
_TRISB                                          (abs)        000F93
_TRISBbits                                      (abs)        000F93
_TRISC                                          (abs)        000F94
_TXREG1                                         (abs)        000FAD
_TXSTA1                                         (abs)        000FAC
_TXSTA1bits                                     (abs)        000FAC
_WPUB                                           (abs)        000F61
__CFG_BOREN$SBORDIS                             (abs)        000000
__CFG_BORV$190                                  (abs)        000000
__CFG_CCP2MX$PORTC1                             (abs)        000000
__CFG_CCP3MX$PORTB5                             (abs)        000000
__CFG_CP0$OFF                                   (abs)        000000
__CFG_CP1$OFF                                   (abs)        000000
__CFG_CP2$OFF                                   (abs)        000000
__CFG_CP3$OFF                                   (abs)        000000
__CFG_CPB$OFF                                   (abs)        000000
__CFG_CPD$OFF                                   (abs)        000000
__CFG_DEBUG$OFF                                 (abs)        000000
__CFG_EBTR0$OFF                                 (abs)        000000
__CFG_EBTR1$OFF                                 (abs)        000000
__CFG_EBTR2$OFF                                 (abs)        000000
__CFG_EBTR3$OFF                                 (abs)        000000
__CFG_EBTRB$OFF                                 (abs)        000000
__CFG_FCMEN$OFF                                 (abs)        000000
__CFG_FOSC$INTIO67                              (abs)        000000
__CFG_HFOFST$ON                                 (abs)        000000
__CFG_IESO$OFF                                  (abs)        000000
__CFG_LVP$ON                                    (abs)        000000
__CFG_MCLRE$EXTMCLR                             (abs)        000000
__CFG_P2BMX$PORTB5                              (abs)        000000
__CFG_PBADEN$ON                                 (abs)        000000
__CFG_PLLCFG$OFF                                (abs)        000000
__CFG_PRICLKEN$ON                               (abs)        000000
__CFG_PWRTEN$OFF                                (abs)        000000
__CFG_STVREN$ON                                 (abs)        000000
__CFG_T3CMX$PORTC0                              (abs)        000000
__CFG_WDTEN$OFF                                 (abs)        000000
__CFG_WDTPS$32768                               (abs)        000000
__CFG_WRT0$OFF                                  (abs)        000000
__CFG_WRT1$OFF                                  (abs)        000000
__CFG_WRT2$OFF                                  (abs)        000000
__CFG_WRT3$OFF                                  (abs)        000000
__CFG_WRTB$OFF                                  (abs)        000000
__CFG_WRTC$OFF                                  (abs)        000000
__CFG_WRTD$OFF                                  (abs)        000000
__CFG_XINST$OFF                                 (abs)        000000
__HRAM                                          (abs)        000000
__Habs1                                         abs1         000000
__Hbank0                                        bank0        000000
__Hbank1                                        bank1        000000
__Hbank10                                       bank10       000000
__Hbank11                                       bank11       000000
__Hbank12                                       bank12       000000
__Hbank13                                       bank13       000000
__Hbank14                                       bank14       000000
__Hbank15                                       bank15       000000
__Hbank2                                        bank2        000000
__Hbank3                                        bank3        000000
__Hbank4                                        bank4        000000
__Hbank5                                        bank5        000000
__Hbank6                                        bank6        000000
__Hbank7                                        bank7        000000
__Hbank8                                        bank8        000000
__Hbank9                                        bank9        000000
__Hbigbss                                       bigbss       000000
__Hbigdata                                      bigdata      000000
__Hbigram                                       bigram       000000
__Hbss                                          bss          000000
__HbssBANK0                                     bssBANK0     000000
__HbssBIGRAM                                    bssBIGRAM    000000
__HbssCOMRAM                                    bssCOMRAM    000000
__Hcinit                                        cinit        000000
__Hclrtext                                      clrtext      000000
__Hcomram                                       comram       000000
__Hconfig                                       config       30000E
__Hconst                                        const        000000
__HcstackBANK0                                  cstackBANK0  000000
__HcstackCOMRAM                                 cstackCOMRAM 000000
__Hdata                                         data         000000
__HdataBANK0                                    dataBANK0    000000
__HdataCOMRAM                                   dataCOMRAM   000000
__Heeprom_data                                  eeprom_data  000000
__Hfarbss                                       farbss       000000
__Hfardata                                      fardata      000000
__Hibigdata                                     ibigdata     000000
__Hidata                                        idata        000000
__HidataBANK0                                   idataBANK0   000000
__HidataCOMRAM                                  idataCOMRAM  000000
__Hidloc                                        idloc        200008
__Hifardata                                     ifardata     000000
__Hinit                                         init         000052
__Hintcode                                      intcode      00004E
__Hintcode_body                                 intcode_body 000000
__Hintcodelo                                    intcodelo    00004E
__Hintentry                                     intentry     000000
__Hintret                                       intret       000000
__Hintsave_regs                                 intsave_regs 000000
__Hirdata                                       irdata       000000
__Hmediumconst                                  mediumconst  010000
__HnvFARRAM                                     nvFARRAM     000000
__Hnvbit                                        nvbit        000000
__Hnvrram                                       nvrram       000000
__Hparam                                        rparam       000000
__Hpowerup                                      powerup      00004E
__Hram                                          ram          000000
__Hramtop                                       ramtop       001000
__Hrbit                                         rbit         000000
__Hrbss                                         rbss         000000
__Hrdata                                        rdata        000000
__Hreset_vec                                    reset_vec    000004
__Hrparam                                       rparam       000000
__Hsfr                                          sfr          000000
__Hsmallconst                                   smallconst   000000
__Hspace_0                                      (abs)        30000E
__Hspace_1                                      (abs)        0004F4
__Hspace_2                                      (abs)        000000
__Hstack                                        stack        000000
__Hstruct                                       struct       000000
__Htemp                                         temp         000050
__Htext                                         text         000000
__Htext0                                        text0        000000
__Htext1                                        text1        000000
__Htext10                                       text10       000000
__Htext11                                       text11       000000
__Htext12                                       text12       000000
__Htext13                                       text13       000000
__Htext14                                       text14       000000
__Htext15                                       text15       000000
__Htext16                                       text16       000000
__Htext17                                       text17       000000
__Htext18                                       text18       000000
__Htext19                                       text19       000000
__Htext2                                        text2        000000
__Htext20                                       text20       000000
__Htext21                                       text21       000000
__Htext22                                       text22       000000
__Htext23                                       text23       000000
__Htext24                                       text24       000000
__Htext25                                       text25       000000
__Htext26                                       text26       000000
__Htext27                                       text27       000000
__Htext28                                       text28       000000
__Htext29                                       text29       000000
__Htext3                                        text3        000000
__Htext30                                       text30       000000
__Htext31                                       text31       000000
__Htext32                                       text32       000000
__Htext33                                       text33       000000
__Htext34                                       text34       000000
__Htext35                                       text35       000000
__Htext36                                       text36       000000
__Htext37                                       text37       000000
__Htext38                                       text38       000000
__Htext39                                       text39       000000
__Htext4                                        text4        000000
__Htext40                                       text40       000000
__Htext41                                       text41       000000
__Htext42                                       text42       000000
__Htext43                                       text43       000000
__Htext44                                       text44       000000
__Htext45                                       text45       000000
__Htext46                                       text46       000000
__Htext47                                       text47       000000
__Htext49                                       text49       000000
__Htext5                                        text5        000000
__Htext50                                       text50       000000
__Htext51                                       text51       000000
__Htext52                                       text52       000000
__Htext53                                       text53       000000
__Htext54                                       text54       000000
__Htext6                                        text6        000000
__Htext7                                        text7        000000
__Htext8                                        text8        000000
__Htext9                                        text9        000000
__LRAM                                          (abs)        000001
__Labs1                                         abs1         000000
__Lbank0                                        bank0        000000
__Lbank1                                        bank1        000000
__Lbank10                                       bank10       000000
__Lbank11                                       bank11       000000
__Lbank12                                       bank12       000000
__Lbank13                                       bank13       000000
__Lbank14                                       bank14       000000
__Lbank15                                       bank15       000000
__Lbank2                                        bank2        000000
__Lbank3                                        bank3        000000
__Lbank4                                        bank4        000000
__Lbank5                                        bank5        000000
__Lbank6                                        bank6        000000
__Lbank7                                        bank7        000000
__Lbank8                                        bank8        000000
__Lbank9                                        bank9        000000
__Lbigbss                                       bigbss       000000
__Lbigdata                                      bigdata      000000
__Lbigram                                       bigram       000000
__Lbss                                          bss          000000
__LbssBANK0                                     bssBANK0     000000
__LbssBIGRAM                                    bssBIGRAM    000000
__LbssCOMRAM                                    bssCOMRAM    000000
__Lcinit                                        cinit        000000
__Lclrtext                                      clrtext      000000
__Lcomram                                       comram       000000
__Lconfig                                       config       300000
__Lconst                                        const        000000
__LcstackBANK0                                  cstackBANK0  000000
__LcstackCOMRAM                                 cstackCOMRAM 000000
__Ldata                                         data         000000
__LdataBANK0                                    dataBANK0    000000
__LdataCOMRAM                                   dataCOMRAM   000000
__Leeprom_data                                  eeprom_data  000000
__Lfarbss                                       farbss       000000
__Lfardata                                      fardata      000000
__Libigdata                                     ibigdata     000000
__Lidata                                        idata        000000
__LidataBANK0                                   idataBANK0   000000
__LidataCOMRAM                                  idataCOMRAM  000000
__Lidloc                                        idloc        200000
__Lifardata                                     ifardata     000000
__Linit                                         init         00004E
__Lintcode                                      intcode      000008
__Lintcode_body                                 intcode_body 000000
__Lintcodelo                                    intcodelo    00004E
__Lintentry                                     intentry     000000
__Lintret                                       intret       000000
__Lintsave_regs                                 intsave_regs 000000
__Lirdata                                       irdata       000000
__Lmediumconst                                  mediumconst  00F9EC
__LnvFARRAM                                     nvFARRAM     000000
__Lnvbit                                        nvbit        000000
__Lnvrram                                       nvrram       000000
__Lparam                                        rparam       000000
__Lpowerup                                      powerup      00004E
__Lram                                          ram          000000
__Lramtop                                       ramtop       001000
__Lrbit                                         rbit         000000
__Lrbss                                         rbss         000000
__Lrdata                                        rdata        000000
__Lreset_vec                                    reset_vec    000000
__Lrparam                                       rparam       000000
__Lsfr                                          sfr          000000
__Lsmallconst                                   smallconst   000000
__Lspace_0                                      (abs)        000000
__Lspace_1                                      (abs)        000000
__Lspace_2                                      (abs)        000000
__Lstack                                        stack        000000
__Lstruct                                       struct       000000
__Ltemp                                         temp         00004F
__Ltext                                         text         000000
__Ltext0                                        text0        000000
__Ltext1                                        text1        000000
__Ltext10                                       text10       000000
__Ltext11                                       text11       000000
__Ltext12                                       text12       000000
__Ltext13                                       text13       000000
__Ltext14                                       text14       000000
__Ltext15                                       text15       000000
__Ltext16                                       text16       000000
__Ltext17                                       text17       000000
__Ltext18                                       text18       000000
__Ltext19                                       text19       000000
__Ltext2                                        text2        000000
__Ltext20                                       text20       000000
__Ltext21                                       text21       000000
__Ltext22                                       text22       000000
__Ltext23                                       text23       000000
__Ltext24                                       text24       000000
__Ltext25                                       text25       000000
__Ltext26                                       text26       000000
__Ltext27                                       text27       000000
__Ltext28                                       text28       000000
__Ltext29                                       text29       000000
__Ltext3                                        text3        000000
__Ltext30                                       text30       000000
__Ltext31                                       text31       000000
__Ltext32                                       text32       000000
__Ltext33                                       text33       000000
__Ltext34                                       text34       000000
__Ltext35                                       text35       000000
__Ltext36                                       text36       000000
__Ltext37                                       text37       000000
__Ltext38                                       text38       000000
__Ltext39                                       text39       000000
__Ltext4                                        text4        000000
__Ltext40                                       text40       000000
__Ltext41                                       text41       000000
__Ltext42                                       text42       000000
__Ltext43                                       text43       000000
__Ltext44                                       text44       000000
__Ltext45                                       text45       000000
__Ltext46                                       text46       000000
__Ltext47                                       text47       000000
__Ltext49                                       text49       000000
__Ltext5                                        text5        000000
__Ltext50                                       text50       000000
__Ltext51                                       text51       000000
__Ltext52                                       text52       000000
__Ltext53                                       text53       000000
__Ltext54                                       text54       000000
__Ltext6                                        text6        000000
__Ltext7                                        text7        000000
__Ltext8                                        text8        000000
__Ltext9                                        text9        000000
__S0                                            (abs)        30000E
__S1                                            (abs)        0004F4
__S2                                            (abs)        000000
___aodiv                                        text33       001874
___aodiv@counter                                cstackCOMRAM 000021
___aodiv@dividend                               cstackCOMRAM 000011
___aodiv@divisor                                cstackCOMRAM 000019
___aodiv@quotient                               cstackCOMRAM 000023
___aodiv@sign                                   cstackCOMRAM 000022
___aomod                                        text32       001B82
___aomod@counter                                cstackCOMRAM 000021
___aomod@dividend                               cstackCOMRAM 000011
___aomod@divisor                                cstackCOMRAM 000019
___aomod@sign                                   cstackCOMRAM 000022
___inthi_sp                                     stack        000000
___intlo_sp                                     stack        000000
___param_bank                                   (abs)        000000
___rparam_used                                  (abs)        000001
___sp                                           stack        000000
___wmul                                         text44       00264C
___wmul@multiplicand                            cstackCOMRAM 000013
___wmul@multiplier                              cstackCOMRAM 000011
___wmul@product                                 cstackCOMRAM 000015
__accesstop                                     (abs)        000060
__activetblptr                                  (abs)        000003
__end_of_ADC_Initialize                         text14       0026FA
__end_of_EUSART1_Initialize                     text10       002414
__end_of_EUSART1_Read                           text47       00264C
__end_of_EUSART1_SetErrorHandler                text13       002768
__end_of_EUSART1_SetFramingErrorHandler         text12       00275E
__end_of_EUSART1_SetOverrunErrorHandler         text11       002754
__end_of_EUSART1_Write                          text40       002710
__end_of_EUSART1_is_rx_ready                    text46       002724
__end_of_INTERRUPT_Initialize                   text9        002780
__end_of_INTERRUPT_InterruptManager             intcode      00004E
__end_of_OSCILLATOR_Initialize                  text8        0026CA
__end_of_PIN_MANAGER_Initialize                 text7        0025FC
__end_of_SDCARD_HCInitialize                    text20       001B82
__end_of_SDCARD_PollWriteComplete               text19       002488
__end_of_SDCARD_ReadBlock                       text18       001FC8
__end_of_SDCARD_SetIdle                         text21       002060
__end_of_SDCARD_WriteBlock                      text17       002184
__end_of_SPI2_Close                             text16       002784
__end_of_SPI2_ExchangeByte                      text45       0026E4
__end_of_SPI2_Initialize                        text6        002736
__end_of_SPI2_Open                              text15       001F2E
__end_of_SYSTEM_Initialize                      text3        002690
__end_of_TMR0_DefaultInterruptHandler           text50       002788
__end_of_TMR0_ISR                               text49       00259C
__end_of_TMR0_Initialize                        text4        0025D0
__end_of_TMR0_ReadTimer                         text53       0026AE
__end_of_TMR0_SetInterruptHandler               text5        00274A
__end_of_TMR0_WriteTimer                        text2        002740
__end_of___aodiv                                text33       0019FC
__end_of___aomod                                text32       001CE6
__end_of___wmul                                 text44       002672
__end_of__initialization                        cinit        00223E
__end_of_abs                                    text31       0023D6
__end_of_atoi                                   text41       001874
__end_of_ctoa                                   text34       002300
__end_of_dtoa                                   text30       001214
__end_of_fputc                                  text38       0020F6
__end_of_fputs                                  text37       002396
__end_of_hexDumpBuffer                          text1        0016DA
__end_of_isalpha                                text29       002450
__end_of_isdigit                                text43       002530
__end_of_islower                                text27       0024C0
__end_of_isspace                                text42       002352
__end_of_isupper                                text28       0024F8
__end_of_main                                   text0        000A56
__end_of_myTMR0ISR                              text51       001DC0
__end_of_pad                                    text35       001E82
__end_of_printf                                 text22       002624
__end_of_putch                                  text39       002772
__end_of_sin                                    mediumconst  00FA07
__end_of_spi2_configuration                     mediumconst  00FA0B
__end_of_strlen                                 text36       002566
__end_of_toupper                                text26       0022A6
__end_of_vfpfcnvrt                              text24       000F32
__end_of_vfprintf                               text23       0021E8
__end_of_xtoa                                   text25       0014EE
__end_ofi2_TMR0_WriteTimer                      text52       00277C
__initialization                                cinit        0021E8
__mediumconst                                   mediumconst  00F9EC
__pbssBANK0                                     bssBANK0     0000C6
__pbssBIGRAM                                    bssBIGRAM    0000F4
__pbssCOMRAM                                    bssCOMRAM    000040
__pcinit                                        cinit        0021E8
__pcstackBANK0                                  cstackBANK0  000060
__pcstackCOMRAM                                 cstackCOMRAM 000001
__pdataBANK0                                    dataBANK0    0000F2
__pdataCOMRAM                                   dataCOMRAM   00004E
__pidataBANK0                                   idataBANK0   002784
__pidataCOMRAM                                  idataCOMRAM  002788
__pintcode                                      intcode      000008
__pmediumconst                                  mediumconst  00F9EC
__ptext0                                        text0        000052
__ptext1                                        text1        0014EE
__ptext10                                       text10       0023D6
__ptext11                                       text11       00274A
__ptext12                                       text12       002754
__ptext13                                       text13       00275E
__ptext14                                       text14       0026E4
__ptext15                                       text15       001E82
__ptext16                                       text16       002780
__ptext17                                       text17       0020F6
__ptext18                                       text18       001F2E
__ptext19                                       text19       002450
__ptext2                                        text2        002736
__ptext20                                       text20       0019FC
__ptext21                                       text21       001FC8
__ptext22                                       text22       0025FC
__ptext23                                       text23       002184
__ptext24                                       text24       000A56
__ptext25                                       text25       001214
__ptext26                                       text26       002248
__ptext27                                       text27       002488
__ptext28                                       text28       0024C0
__ptext29                                       text29       002414
__ptext3                                        text3        002672
__ptext30                                       text30       000F32
__ptext31                                       text31       002396
__ptext32                                       text32       001B82
__ptext33                                       text33       001874
__ptext34                                       text34       0022A6
__ptext35                                       text35       001DC0
__ptext36                                       text36       002530
__ptext37                                       text37       002352
__ptext38                                       text38       002060
__ptext39                                       text39       002768
__ptext4                                        text4        00259C
__ptext40                                       text40       0026FA
__ptext41                                       text41       0016DA
__ptext42                                       text42       002300
__ptext43                                       text43       0024F8
__ptext44                                       text44       00264C
__ptext45                                       text45       0026CA
__ptext46                                       text46       002710
__ptext47                                       text47       002624
__ptext49                                       text49       002566
__ptext5                                        text5        002740
__ptext50                                       text50       002786
__ptext51                                       text51       001CE6
__ptext52                                       text52       002772
__ptext53                                       text53       002690
__ptext54                                       text54       000000
__ptext6                                        text6        002724
__ptext7                                        text7        0025D0
__ptext8                                        text8        0026AE
__ptext9                                        text9        00277C
__ramtop                                        ramtop       001000
__size_of_ADC_Initialize                        (abs)        000000
__size_of_EUSART1_Initialize                    (abs)        000000
__size_of_EUSART1_Read                          (abs)        000000
__size_of_EUSART1_SetErrorHandler               (abs)        000000
__size_of_EUSART1_SetFramingErrorHandler        (abs)        000000
__size_of_EUSART1_SetOverrunErrorHandler        (abs)        000000
__size_of_EUSART1_Write                         (abs)        000000
__size_of_EUSART1_is_rx_ready                   (abs)        000000
__size_of_INTERRUPT_Initialize                  (abs)        000000
__size_of_INTERRUPT_InterruptManager            (abs)        000000
__size_of_OSCILLATOR_Initialize                 (abs)        000000
__size_of_PIN_MANAGER_Initialize                (abs)        000000
__size_of_SDCARD_HCInitialize                   (abs)        000000
__size_of_SDCARD_PollWriteComplete              (abs)        000000
__size_of_SDCARD_ReadBlock                      (abs)        000000
__size_of_SDCARD_SetIdle                        (abs)        000000
__size_of_SDCARD_WriteBlock                     (abs)        000000
__size_of_SPI2_Close                            (abs)        000000
__size_of_SPI2_ExchangeByte                     (abs)        000000
__size_of_SPI2_Initialize                       (abs)        000000
__size_of_SPI2_Open                             (abs)        000000
__size_of_SYSTEM_Initialize                     (abs)        000000
__size_of_TMR0_DefaultInterruptHandler          (abs)        000000
__size_of_TMR0_ISR                              (abs)        000000
__size_of_TMR0_Initialize                       (abs)        000000
__size_of_TMR0_ReadTimer                        (abs)        000000
__size_of_TMR0_SetInterruptHandler              (abs)        000000
__size_of_TMR0_WriteTimer                       (abs)        000000
__size_of___aodiv                               (abs)        000000
__size_of___aomod                               (abs)        000000
__size_of___wmul                                (abs)        000000
__size_of_abs                                   (abs)        000000
__size_of_atoi                                  (abs)        000000
__size_of_ctoa                                  (abs)        000000
__size_of_dtoa                                  (abs)        000000
__size_of_fputc                                 (abs)        000000
__size_of_fputs                                 (abs)        000000
__size_of_hexDumpBuffer                         (abs)        000000
__size_of_isalpha                               (abs)        000000
__size_of_isdigit                               (abs)        000000
__size_of_islower                               (abs)        000000
__size_of_isspace                               (abs)        000000
__size_of_isupper                               (abs)        000000
__size_of_main                                  (abs)        000000
__size_of_myTMR0ISR                             (abs)        000000
__size_of_pad                                   (abs)        000000
__size_of_printf                                (abs)        000000
__size_of_putch                                 (abs)        000000
__size_of_strlen                                (abs)        000000
__size_of_toupper                               (abs)        000000
__size_of_vfpfcnvrt                             (abs)        000000
__size_of_vfprintf                              (abs)        000000
__size_of_xtoa                                  (abs)        000000
__size_ofi2_TMR0_WriteTimer                     (abs)        000000
__smallconst                                    smallconst   000000
_abs                                            text31       002396
_atoi                                           text41       0016DA
_atoi$1837                                      cstackCOMRAM 000020
_atoi$1838                                      cstackCOMRAM 000024
_atoi$1839                                      cstackCOMRAM 000022
_blueBufferFull                                 bssBANK0     0000D0
_collectSamples                                 bssCOMRAM    00004C
_ctoa                                           text34       0022A6
_dbuf                                           bssBANK0     0000D2
_dtoa                                           text30       000F32
_dtoa$1353                                      cstackBANK0  000060
_eusart1RxLastError                             bssCOMRAM    00004D
_flags                                          bssCOMRAM    000044
_fputc                                          text38       002060
_fputs                                          text37       002352
_hexDumpBuffer                                  text1        0014EE
_isalpha                                        text29       002414
_isdigit                                        text43       0024F8
_islower                                        text27       002488
_isspace                                        text42       002300
_isspace$1864                                   cstackCOMRAM 000017
_isupper                                        text28       0024C0
_main                                           text0        000052
_myTMR0ISR                                      text51       001CE6
_nout                                           bssBANK0     0000C6
_pad                                            text35       001DC0
_prec                                           bssCOMRAM    000042
_printf                                         text22       0025FC
_putch                                          text39       002768
_redBufferFull                                  bssBANK0     0000D1
_sampleRate                                     dataBANK0    0000F2
_sdCardBufferBlue                               bssBIGRAM    0000F4
_sdCardBufferRed                                bssBIGRAM    0002F4
_sin                                            mediumconst  00F9ED
_spi2_configuration                             mediumconst  00FA07
_strlen                                         text36       002530
_timer0ReloadVal                                bssCOMRAM    000048
_toupper                                        text26       002248
_toupper$1929                                   cstackCOMRAM 00001D
_vfpfcnvrt                                      text24       000A56
_vfpfcnvrt$1378                                 cstackBANK0  000098
_vfprintf                                       text23       002184
_width                                          bssCOMRAM    000040
_xtoa                                           text25       001214
_xtoa$1363                                      cstackBANK0  000068
_xtoa$1364                                      cstackBANK0  00006A
abs@a                                           cstackCOMRAM 000023
atoi@n                                          cstackCOMRAM 000025
atoi@neg                                        cstackCOMRAM 00001E
atoi@s                                          cstackCOMRAM 000018
btemp                                           temp         00004F
ctoa@c                                          cstackCOMRAM 000030
ctoa@fp                                         cstackCOMRAM 00002E
ctoa@w                                          cstackCOMRAM 000031
dtoa@d                                          cstackCOMRAM 000030
dtoa@fp                                         cstackCOMRAM 00002E
dtoa@i                                          cstackBANK0  000070
dtoa@n                                          cstackBANK0  000068
dtoa@p                                          cstackBANK0  000062
dtoa@s                                          cstackBANK0  000066
dtoa@w                                          cstackBANK0  000064
end_of_initialization                           cinit        00223E
fputc@c                                         cstackCOMRAM 000013
fputc@fp                                        cstackCOMRAM 000015
fputs@c                                         cstackCOMRAM 000020
fputs@fp                                        cstackCOMRAM 00001E
fputs@i                                         cstackCOMRAM 000021
fputs@s                                         cstackCOMRAM 00001C
hexDumpBuffer@i                                 cstackBANK0  0000B5
hexDumpBuffer@j                                 cstackBANK0  0000B1
hexDumpBuffer@j_1271                            cstackBANK0  0000B3
hexDumpBuffer@sdCardBuffer                      cstackBANK0  0000AD
i2TMR0_WriteTimer@timerVal                      cstackCOMRAM 000009
i2_TMR0_WriteTimer                              text52       002772
int$flags                                       temp         00004F
intlevel0                                       text         000000
intlevel1                                       text         000000
intlevel2                                       text         000000
intlevel3                                       text         000000
isalpha@c                                       cstackCOMRAM 000011
isdigit@c                                       cstackCOMRAM 000011
islower@c                                       cstackCOMRAM 000011
isspace@c                                       cstackCOMRAM 000011
isupper@c                                       cstackCOMRAM 000011
main@cmd                                        cstackBANK0  0000BF
main@i                                          cstackBANK0  0000C0
main@j                                          cstackBANK0  0000BD
main@readBlocks                                 cstackBANK0  0000BC
main@recordedBlocks                             cstackBANK0  0000BB
main@sdCardAddress                              cstackBANK0  0000C2
main@status                                     cstackBANK0  0000BA
myTMR0ISR@activeBuffer                          dataCOMRAM   00004E
myTMR0ISR@bufferIndex                           bssCOMRAM    000046
pad@buf                                         cstackCOMRAM 000025
pad@fp                                          cstackCOMRAM 000023
pad@i                                           cstackCOMRAM 00002A
pad@p                                           cstackCOMRAM 000027
pad@w                                           cstackCOMRAM 00002C
printf@ap                                       cstackBANK0  0000AB
printf@fmt                                      cstackBANK0  0000A3
putch@txData                                    cstackCOMRAM 000012
stackhi                                         (abs)        000F37
stacklo                                         (abs)        0004F4
start                                           init         00004E
start_initialization                            cinit        0021E8
strlen@a                                        cstackCOMRAM 000013
strlen@s                                        cstackCOMRAM 000011
toupper@c                                       cstackCOMRAM 000017
ttemp5                                          temp         000050
ttemp6                                          temp         000053
ttemp7                                          temp         000057
vfpfcnvrt@ap                                    cstackBANK0  000080
vfpfcnvrt@c                                     cstackBANK0  00009A
vfpfcnvrt@done                                  cstackBANK0  000096
vfpfcnvrt@fmt                                   cstackBANK0  00007E
vfpfcnvrt@fp                                    cstackBANK0  00007C
vfpfcnvrt@ll                                    cstackBANK0  000086
vfpfcnvrt@llu                                   cstackBANK0  00008E
vfprintf@ap                                     cstackBANK0  00009F
vfprintf@cfmt                                   cstackBANK0  0000A1
vfprintf@fmt                                    cstackBANK0  00009D
vfprintf@fp                                     cstackBANK0  00009B
wtemp8                                          temp         000050
xtoa@c                                          cstackBANK0  00007A
xtoa@d                                          cstackCOMRAM 000030
xtoa@fp                                         cstackCOMRAM 00002E
xtoa@i                                          cstackBANK0  000078
xtoa@n                                          cstackBANK0  000070
xtoa@p                                          cstackBANK0  00006C
xtoa@w                                          cstackBANK0  00006E
xtoa@x                                          cstackCOMRAM 000038


FUNCTION INFORMATION:

 *************** function _main *****************
 Defined at:
		line 45 in file "main.c"
 Parameters:    Size  Location     Type
		None
 Auto vars:     Size  Location     Type
  sdCardAddres    4   98[BANK0 ] unsigned long 
  i               2   96[BANK0 ] unsigned short 
  j               2   93[BANK0 ] unsigned short 
  cmd             1   95[BANK0 ] unsigned char 
  readBlocks      1   92[BANK0 ] unsigned char 
  recordedBloc    1   91[BANK0 ] unsigned char 
  status          1   90[BANK0 ] unsigned char 
  letter          1    0        unsigned char 
 Return value:  Size  Location     Type
                  1    wreg      void 
 Registers used:
		wreg, fsr1l, fsr1h, fsr2l, fsr2h, status,2, status,0, tblptrl, tblptrh, tblptru, prodl, prodh, cstack
 Tracked objects:
		On entry : 
		On exit  : 
		Unchanged: 
 Data sizes:     COMRAM   BANK0   BANK1   BANK2   BANK3   BANK4   BANK5   BANK6   BANK7   BANK8   BANK9  BANK10  BANK11  BANK12  BANK13  BANK14  BANK15
      Params:         0       0       0       0       0       0       0       0       0       0       0       0       0       0       0       0       0
      Locals:         0      13       0       0       0       0       0       0       0       0       0       0       0       0       0       0       0
      Temps:          0       2       0       0       0       0       0       0       0       0       0       0       0       0       0       0       0
      Totals:         0      15       0       0       0       0       0       0       0       0       0       0       0       0       0       0       0
Total ram usage:       15 bytes
 Hardware stack levels required when called:   15
 This function calls:
		_EUSART1_Read
		_EUSART1_is_rx_ready
		_SDCARD_HCInitialize
		_SDCARD_PollWriteComplete
		_SDCARD_ReadBlock
		_SDCARD_WriteBlock
		_SPI2_Close
		_SPI2_Open
		_SYSTEM_Initialize
		_TMR0_SetInterruptHandler
		_TMR0_WriteTimer
		_hexDumpBuffer
		_printf
 This function is called by:
		Startup code after reset
 This function uses a non-reentrant model


 *************** function _hexDumpBuffer *****************
 Defined at:
		line 275 in file "sdCard.c"
 Parameters:    Size  Location     Type
  sdCardBuffer    2   77[BANK0 ] PTR unsigned char 
		 -> sdCardBufferRed(512), 
 Auto vars:     Size  Location     Type
  j               2   81[BANK0 ] int 
  j               2   83[BANK0 ] int 
  i               2   85[BANK0 ] unsigned short 
 Return value:  Size  Location     Type
                  1    wreg      void 
 Registers used:
		wreg, fsr1l, fsr1h, fsr2l, fsr2h, status,2, status,0, tblptrl, tblptrh, tblptru, prodl, prodh, cstack
 Tracked objects:
		On entry : 
		On exit  : 
		Unchanged: 
 Data sizes:     COMRAM   BANK0   BANK1   BANK2   BANK3   BANK4   BANK5   BANK6   BANK7   BANK8   BANK9  BANK10  BANK11  BANK12  BANK13  BANK14  BANK15
      Params:         0       2       0       0       0       0       0       0       0       0       0       0       0       0       0       0       0
      Locals:         0       6       0       0       0       0       0       0       0       0       0       0       0       0       0       0       0
      Temps:          0       2       0       0       0       0       0       0       0       0       0       0       0       0       0       0       0
      Totals:         0      10       0       0       0       0       0       0       0       0       0       0       0       0       0       0       0
Total ram usage:       10 bytes
 Hardware stack levels used:    1
 Hardware stack levels required when called:   13
 This function calls:
		_printf
 This function is called by:
		_main
 This function uses a non-reentrant model


 *************** function _TMR0_WriteTimer *****************
 Defined at:
		line 122 in file "mcc_generated_files/tmr0.c"
 Parameters:    Size  Location     Type
  timerVal        2   16[COMRAM] unsigned short 
 Auto vars:     Size  Location     Type
		None
 Return value:  Size  Location     Type
                  1    wreg      void 
 Registers used:
		wreg, status,2
 Tracked objects:
		On entry : 
		On exit  : 
		Unchanged: 
 Data sizes:     COMRAM   BANK0   BANK1   BANK2   BANK3   BANK4   BANK5   BANK6   BANK7   BANK8   BANK9  BANK10  BANK11  BANK12  BANK13  BANK14  BANK15
      Params:         2       0       0       0       0       0       0       0       0       0       0       0       0       0       0       0       0
      Locals:         0       0       0       0       0       0       0       0       0       0       0       0       0       0       0       0       0
      Temps:          0       0       0       0       0       0       0       0       0       0       0       0       0       0       0       0       0
      Totals:         2       0       0       0       0       0       0       0       0       0       0       0       0       0       0       0       0
Total ram usage:        2 bytes
 Hardware stack levels used:    1
 Hardware stack levels required when called:    4
 This function calls:
		Nothing
 This function is called by:
		_main
 This function uses a non-reentrant model


 *************** function _SYSTEM_Initialize *****************
 Defined at:
		line 50 in file "mcc_generated_files/mcc.c"
 Parameters:    Size  Location     Type
		None
 Auto vars:     Size  Location     Type
		None
 Return value:  Size  Location     Type
                  1    wreg      void 
 Registers used:
		wreg, status,2, status,0, cstack
 Tracked objects:
		On entry : 
		On exit  : 
		Unchanged: 
 Data sizes:     COMRAM   BANK0   BANK1   BANK2   BANK3   BANK4   BANK5   BANK6   BANK7   BANK8   BANK9  BANK10  BANK11  BANK12  BANK13  BANK14  BANK15
      Params:         0       0       0       0       0       0       0       0       0       0       0       0       0       0       0       0       0
      Locals:         0       0       0       0       0       0       0       0       0       0       0       0       0       0       0       0       0
      Temps:          0       0       0       0       0       0       0       0       0       0       0       0       0       0       0       0       0
      Totals:         0       0       0       0       0       0       0       0       0       0       0       0       0       0       0       0       0
Total ram usage:        0 bytes
 Hardware stack levels used:    1
 Hardware stack levels required when called:    6
 This function calls:
		_ADC_Initialize
		_EUSART1_Initialize
		_INTERRUPT_Initialize
		_OSCILLATOR_Initialize
		_PIN_MANAGER_Initialize
		_SPI2_Initialize
		_TMR0_Initialize
 This function is called by:
		_main
 This function uses a non-reentrant model


 *************** function _TMR0_Initialize *****************
 Defined at:
		line 67 in file "mcc_generated_files/tmr0.c"
 Parameters:    Size  Location     Type
		None
 Auto vars:     Size  Location     Type
		None
 Return value:  Size  Location     Type
                  1    wreg      void 
 Registers used:
		wreg, status,2, status,0, cstack
 Tracked objects:
		On entry : 
		On exit  : 
		Unchanged: 
 Data sizes:     COMRAM   BANK0   BANK1   BANK2   BANK3   BANK4   BANK5   BANK6   BANK7   BANK8   BANK9  BANK10  BANK11  BANK12  BANK13  BANK14  BANK15
      Params:         0       0       0       0       0       0       0       0       0       0       0       0       0       0       0       0       0
      Locals:         0       0       0       0       0       0       0       0       0       0       0       0       0       0       0       0       0
      Temps:          2       0       0       0       0       0       0       0       0       0       0       0       0       0       0       0       0
      Totals:         2       0       0       0       0       0       0       0       0       0       0       0       0       0       0       0       0
Total ram usage:        2 bytes
 Hardware stack levels used:    1
 Hardware stack levels required when called:    5
 This function calls:
		_TMR0_SetInterruptHandler
 This function is called by:
		_SYSTEM_Initialize
 This function uses a non-reentrant model


 *************** function _TMR0_SetInterruptHandler *****************
 Defined at:
		line 156 in file "mcc_generated_files/tmr0.c"
 Parameters:    Size  Location     Type
  InterruptHan    2   16[COMRAM] PTR FTN()void 
		 -> myTMR0ISR(1), TMR0_DefaultInterruptHandler(1), 
 Auto vars:     Size  Location     Type
		None
 Return value:  Size  Location     Type
                  1    wreg      void 
 Registers used:
		wreg, status,2, status,0
 Tracked objects:
		On entry : 
		On exit  : 
		Unchanged: 
 Data sizes:     COMRAM   BANK0   BANK1   BANK2   BANK3   BANK4   BANK5   BANK6   BANK7   BANK8   BANK9  BANK10  BANK11  BANK12  BANK13  BANK14  BANK15
      Params:         2       0       0       0       0       0       0       0       0       0       0       0       0       0       0       0       0
      Locals:         0       0       0       0       0       0       0       0       0       0       0       0       0       0       0       0       0
      Temps:          0       0       0       0       0       0       0       0       0       0       0       0       0       0       0       0       0
      Totals:         2       0       0       0       0       0       0       0       0       0       0       0       0       0       0       0       0
Total ram usage:        2 bytes
 Hardware stack levels used:    1
 Hardware stack levels required when called:    4
 This function calls:
[...]
 This function calls:
		Nothing
 This function is called by:
		_atoi
 This function uses a non-reentrant model


 *************** function _SPI2_ExchangeByte *****************
 Defined at:
		line 92 in file "mcc_generated_files/spi2.c"
 Parameters:    Size  Location     Type
  data            1    wreg     unsigned char 
 Auto vars:     Size  Location     Type
  data            1   16[COMRAM] unsigned char 
 Return value:  Size  Location     Type
                  1    wreg      unsigned char 
 Registers used:
		wreg, status,2
 Tracked objects:
		On entry : 
		On exit  : 
		Unchanged: 
 Data sizes:     COMRAM   BANK0   BANK1   BANK2   BANK3   BANK4   BANK5   BANK6   BANK7   BANK8   BANK9  BANK10  BANK11  BANK12  BANK13  BANK14  BANK15
      Params:         0       0       0       0       0       0       0       0       0       0       0       0       0       0       0       0       0
      Locals:         1       0       0       0       0       0       0       0       0       0       0       0       0       0       0       0       0
      Temps:          0       0       0       0       0       0       0       0       0       0       0       0       0       0       0       0       0
      Totals:         1       0       0       0       0       0       0       0       0       0       0       0       0       0       0       0       0
Total ram usage:        1 bytes
 Hardware stack levels used:    1
 Hardware stack levels required when called:    4
 This function calls:
		Nothing
 This function is called by:
		_SDCARD_ReadBlock
		_SDCARD_WriteBlock
		_SDCARD_PollWriteComplete
		_SDCARD_HCInitialize
		_SDCARD_SetIdle
		_SPI2_WriteBlock
		_SPI2_ReadBlock
		_SDCARD_Initialize
		_SDCARD_SetBlockLength
 This function uses a non-reentrant model


 *************** function _EUSART1_is_rx_ready *****************
 Defined at:
		line 99 in file "mcc_generated_files/eusart1.c"
 Parameters:    Size  Location     Type
		None
 Auto vars:     Size  Location     Type
		None
 Return value:  Size  Location     Type
                  1    wreg      _Bool 
 Registers used:
		wreg
 Tracked objects:
		On entry : 
		On exit  : 
		Unchanged: 
 Data sizes:     COMRAM   BANK0   BANK1   BANK2   BANK3   BANK4   BANK5   BANK6   BANK7   BANK8   BANK9  BANK10  BANK11  BANK12  BANK13  BANK14  BANK15
      Params:         0       0       0       0       0       0       0       0       0       0       0       0       0       0       0       0       0
      Locals:         0       0       0       0       0       0       0       0       0       0       0       0       0       0       0       0       0
      Temps:          0       0       0       0       0       0       0       0       0       0       0       0       0       0       0       0       0
      Totals:         0       0       0       0       0       0       0       0       0       0       0       0       0       0       0       0       0
Total ram usage:        0 bytes
 Hardware stack levels used:    1
 Hardware stack levels required when called:    4
 This function calls:
		Nothing
 This function is called by:
		_main
 This function uses a non-reentrant model


 *************** function _EUSART1_Read *****************
 Defined at:
		line 113 in file "mcc_generated_files/eusart1.c"
 Parameters:    Size  Location     Type
		None
 Auto vars:     Size  Location     Type
		None
 Return value:  Size  Location     Type
                  1    wreg      unsigned char 
 Registers used:
		wreg, status,2
 Tracked objects:
		On entry : 
		On exit  : 
		Unchanged: 
 Data sizes:     COMRAM   BANK0   BANK1   BANK2   BANK3   BANK4   BANK5   BANK6   BANK7   BANK8   BANK9  BANK10  BANK11  BANK12  BANK13  BANK14  BANK15
      Params:         0       0       0       0       0       0       0       0       0       0       0       0       0       0       0       0       0
      Locals:         0       0       0       0       0       0       0       0       0       0       0       0       0       0       0       0       0
      Temps:          0       0       0       0       0       0       0       0       0       0       0       0       0       0       0       0       0
      Totals:         0       0       0       0       0       0       0       0       0       0       0       0       0       0       0       0       0
Total ram usage:        0 bytes
 Hardware stack levels used:    1
 Hardware stack levels required when called:    4
 This function calls:
		Nothing
 This function is called by:
		_main
		_getch
 This function uses a non-reentrant model


 *************** function _INTERRUPT_InterruptManager *****************
 Defined at:
		line 58 in file "mcc_generated_files/interrupt_manager.c"
 Parameters:    Size  Location     Type
		None
 Auto vars:     Size  Location     Type
		None
 Return value:  Size  Location     Type
                  1    wreg      void 
 Registers used:
		wreg, fsr2l, fsr2h, status,2, status,0, pclath, tosl, cstack
 Tracked objects:
		On entry : 
		On exit  : 
		Unchanged: 
 Data sizes:     COMRAM   BANK0   BANK1   BANK2   BANK3   BANK4   BANK5   BANK6   BANK7   BANK8   BANK9  BANK10  BANK11  BANK12  BANK13  BANK14  BANK15
      Params:         0       0       0       0       0       0       0       0       0       0       0       0       0       0       0       0       0
      Locals:         0       0       0       0       0       0       0       0       0       0       0       0       0       0       0       0       0
      Temps:          4       0       0       0       0       0       0       0       0       0       0       0       0       0       0       0       0
      Totals:         4       0       0       0       0       0       0       0       0       0       0       0       0       0       0       0       0
Total ram usage:        4 bytes
 Hardware stack levels used:    1
 Hardware stack levels required when called:    3
 This function calls:
		_TMR0_ISR
 This function is called by:
		Interrupt level 2
 This function uses a non-reentrant model


 *************** function _TMR0_ISR *****************
 Defined at:
		line 136 in file "mcc_generated_files/tmr0.c"
 Parameters:    Size  Location     Type
		None
 Auto vars:     Size  Location     Type
		None
 Return value:  Size  Location     Type
                  1    wreg      void 
 Registers used:
		wreg, fsr2l, fsr2h, status,2, status,0, pclath, tosl, cstack
 Tracked objects:
		On entry : 
		On exit  : 
		Unchanged: 
 Data sizes:     COMRAM   BANK0   BANK1   BANK2   BANK3   BANK4   BANK5   BANK6   BANK7   BANK8   BANK9  BANK10  BANK11  BANK12  BANK13  BANK14  BANK15
      Params:         0       0       0       0       0       0       0       0       0       0       0       0       0       0       0       0       0
      Locals:         0       0       0       0       0       0       0       0       0       0       0       0       0       0       0       0       0
      Temps:          0       0       0       0       0       0       0       0       0       0       0       0       0       0       0       0       0
      Totals:         0       0       0       0       0       0       0       0       0       0       0       0       0       0       0       0       0
Total ram usage:        0 bytes
 Hardware stack levels used:    1
 Hardware stack levels required when called:    2
 This function calls:
		Absolute function
		_TMR0_DefaultInterruptHandler
		_myTMR0ISR
 This function is called by:
		_INTERRUPT_InterruptManager
 This function uses a non-reentrant model


 *************** function _TMR0_DefaultInterruptHandler *****************
 Defined at:
		line 160 in file "mcc_generated_files/tmr0.c"
 Parameters:    Size  Location     Type
		None
 Auto vars:     Size  Location     Type
		None
 Return value:  Size  Location     Type
                  1    wreg      void 
 Registers used:
		None
 Tracked objects:
		On entry : 
		On exit  : 
		Unchanged: 
 Data sizes:     COMRAM   BANK0   BANK1   BANK2   BANK3   BANK4   BANK5   BANK6   BANK7   BANK8   BANK9  BANK10  BANK11  BANK12  BANK13  BANK14  BANK15
      Params:         0       0       0       0       0       0       0       0       0       0       0       0       0       0       0       0       0
      Locals:         0       0       0       0       0       0       0       0       0       0       0       0       0       0       0       0       0
      Temps:          0       0       0       0       0       0       0       0       0       0       0       0       0       0       0       0       0
      Totals:         0       0       0       0       0       0       0       0       0       0       0       0       0       0       0       0       0
Total ram usage:        0 bytes
 Hardware stack levels used:    1
 This function calls:
		Nothing
 This function is called by:
		_TMR0_Initialize
		_TMR0_ISR
 This function uses a non-reentrant model


 *************** function _myTMR0ISR *****************
 Defined at:
		line 299 in file "main.c"
 Parameters:    Size  Location     Type
		None
 Auto vars:     Size  Location     Type
		None
 Return value:  Size  Location     Type
                  1    wreg      void 
 Registers used:
		wreg, fsr2l, fsr2h, status,2, status,0, cstack
 Tracked objects:
		On entry : 
		On exit  : 
		Unchanged: 
 Data sizes:     COMRAM   BANK0   BANK1   BANK2   BANK3   BANK4   BANK5   BANK6   BANK7   BANK8   BANK9  BANK10  BANK11  BANK12  BANK13  BANK14  BANK15
      Params:         0       0       0       0       0       0       0       0       0       0       0       0       0       0       0       0       0
      Locals:         0       0       0       0       0       0       0       0       0       0       0       0       0       0       0       0       0
      Temps:          2       0       0       0       0       0       0       0       0       0       0       0       0       0       0       0       0
      Totals:         2       0       0       0       0       0       0       0       0       0       0       0       0       0       0       0       0
Total ram usage:        2 bytes
 Hardware stack levels used:    1
 Hardware stack levels required when called:    1
 This function calls:
		_TMR0_ReadTimer
		i2_TMR0_WriteTimer
 This function is called by:
		_main
		_TMR0_ISR
 This function uses a non-reentrant model


 *************** function i2_TMR0_WriteTimer *****************
 Defined at:
		line 122 in file "mcc_generated_files/tmr0.c"
 Parameters:    Size  Location     Type
  timerVal        2    8[COMRAM] unsigned short 
 Auto vars:     Size  Location     Type
		None
 Return value:  Size  Location     Type
                  1    wreg      void 
 Registers used:
		wreg, status,2
 Tracked objects:
		On entry : 
		On exit  : 
		Unchanged: 
 Data sizes:     COMRAM   BANK0   BANK1   BANK2   BANK3   BANK4   BANK5   BANK6   BANK7   BANK8   BANK9  BANK10  BANK11  BANK12  BANK13  BANK14  BANK15
      Params:         2       0       0       0       0       0       0       0       0       0       0       0       0       0       0       0       0
      Locals:         0       0       0       0       0       0       0       0       0       0       0       0       0       0       0       0       0
      Temps:          0       0       0       0       0       0       0       0       0       0       0       0       0       0       0       0       0
      Totals:         2       0       0       0       0       0       0       0       0       0       0       0       0       0       0       0       0
Total ram usage:        2 bytes
 Hardware stack levels used:    1
 This function calls:
		Nothing
 This function is called by:
		_myTMR0ISR
 This function uses a non-reentrant model


 *************** function _TMR0_ReadTimer *****************
 Defined at:
		line 109 in file "mcc_generated_files/tmr0.c"
 Parameters:    Size  Location     Type
		None
 Auto vars:     Size  Location     Type
  readVal         2    4[COMRAM] unsigned short 
  readValHigh     1    7[COMRAM] unsigned char 
  readValLow      1    6[COMRAM] unsigned char 
 Return value:  Size  Location     Type
                  2    0[COMRAM] unsigned short 
 Registers used:
		wreg, status,2
 Tracked objects:
		On entry : 
		On exit  : 
		Unchanged: 
 Data sizes:     COMRAM   BANK0   BANK1   BANK2   BANK3   BANK4   BANK5   BANK6   BANK7   BANK8   BANK9  BANK10  BANK11  BANK12  BANK13  BANK14  BANK15
      Params:         2       0       0       0       0       0       0       0       0       0       0       0       0       0       0       0       0
      Locals:         4       0       0       0       0       0       0       0       0       0       0       0       0       0       0       0       0
      Temps:          2       0       0       0       0       0       0       0       0       0       0       0       0       0       0       0       0
      Totals:         8       0       0       0       0       0       0       0       0       0       0       0       0       0       0       0       0
Total ram usage:        8 bytes
 Hardware stack levels used:    1
 This function calls:
		Nothing
 This function is called by:
		_myTMR0ISR
 This function uses a non-reentrant model



MODULE INFORMATION

Module		Function		Class		Link	Load	Size
C:\Program Files (x86)\Microchip\xc8\v2.10\pic\sources\c99\common\atoi.c
		_atoi          		CODE           	16DA	0000	411

C:\Program Files (x86)\Microchip\xc8\v2.10\pic\sources\c99\common\atoi.c estimated size: 411

C:\Program Files (x86)\Microchip\xc8\v2.10\pic\sources\c99\common\islower.c
		_islower       		CODE           	2488	0000	57

C:\Program Files (x86)\Microchip\xc8\v2.10\pic\sources\c99\common\islower.c estimated size: 57

C:\Program Files (x86)\Microchip\xc8\v2.10\pic\sources\c99\common\aodiv.c
		___aodiv       		CODE           	1874	0000	393

C:\Program Files (x86)\Microchip\xc8\v2.10\pic\sources\c99\common\aodiv.c estimated size: 393

C:\Program Files (x86)\Microchip\xc8\v2.10\pic\sources\c99\common\toupper.c
		_toupper       		CODE           	2248	0000	95

C:\Program Files (x86)\Microchip\xc8\v2.10\pic\sources\c99\common\toupper.c estimated size: 95

C:\Program Files (x86)\Microchip\xc8\v2.10\pic\sources\c99\common\isalpha.c
		_isalpha       		CODE           	2414	0000	61

C:\Program Files (x86)\Microchip\xc8\v2.10\pic\sources\c99\common\isalpha.c estimated size: 61

mcc_generated_files/interrupt_manager.c
		_INTERRUPT_Initialize		CODE           	277C	0000	5
		_INTERRUPT_InterruptManager		CODE           	0008	0000	71

mcc_generated_files/interrupt_manager.c estimated size: 76

C:\Program Files (x86)\Microchip\xc8\v2.10\pic\sources\c99\common\isspace.c
		_isspace       		CODE           	2300	0000	83

C:\Program Files (x86)\Microchip\xc8\v2.10\pic\sources\c99\common\isspace.c estimated size: 83

C:\Program Files (x86)\Microchip\xc8\v2.10\pic\sources\c99\common\strlen.c
		_strlen        		CODE           	2530	0000	55

C:\Program Files (x86)\Microchip\xc8\v2.10\pic\sources\c99\common\strlen.c estimated size: 55

mcc_generated_files/tmr0.c
		_TMR0_SetInterruptHandler		CODE           	2740	0000	11
		_TMR0_DefaultInterruptHandler		CODE           	2786	0000	3
		_TMR0_WriteTimer		CODE           	2736	0000	11
		_TMR0_ReadTimer		CODE           	2690	0000	31
		_TMR0_ISR      		CODE           	2566	0000	55
		_TMR0_Initialize		CODE           	259C	0000	53

mcc_generated_files/tmr0.c estimated size: 164

mcc_generated_files/pin_manager.c
		_PIN_MANAGER_Initialize		CODE           	25D0	0000	45

mcc_generated_files/pin_manager.c estimated size: 45

mcc_generated_files/adc.c
		_ADC_Initialize		CODE           	26E4	0000	23

mcc_generated_files/adc.c estimated size: 23

C:\Program Files (x86)\Microchip\xc8\v2.10\pic\sources\c99\common\doprnt.c
		_vfpfcnvrt     		CODE           	0A56	0000	1245
		_pad           		CODE           	1DC0	0000	195
		_ctoa          		CODE           	22A6	0000	91
		_dtoa          		CODE           	0F32	0000	739
		_vfprintf      		CODE           	2184	0000	101
		_xtoa          		CODE           	1214	0000	731

C:\Program Files (x86)\Microchip\xc8\v2.10\pic\sources\c99\common\doprnt.c estimated size: 3102

C:\Program Files (x86)\Microchip\xc8\v2.10\pic\sources\c99\common\nf_fputs.c
		_fputs         		CODE           	2352	0000	69

C:\Program Files (x86)\Microchip\xc8\v2.10\pic\sources\c99\common\nf_fputs.c estimated size: 69

shared
		i2_TMR0_WriteTimer		CODE           	2772	0000	11
		_sin           		MEDIUMCONST    	F9ED	0000	27
		__initialization		CODE           	21E8	0000	87
		_spi2_configuration		MEDIUMCONST    	FA07	0000	5

shared estimated size: 130

mcc_generated_files/eusart1.c
		_EUSART1_is_rx_ready		CODE           	2710	0000	21
		_EUSART1_Initialize		CODE           	23D6	0000	63
		_putch         		CODE           	2768	0000	11
		_EUSART1_SetFramingErrorHandler		CODE           	2754	0000	11
		_EUSART1_Read  		CODE           	2624	0000	41
		_EUSART1_SetOverrunErrorHandler		CODE           	274A	0000	11
		_EUSART1_SetErrorHandler		CODE           	275E	0000	11
		_EUSART1_Write 		CODE           	26FA	0000	23

mcc_generated_files/eusart1.c estimated size: 192

mcc_generated_files/mcc.c
		_OSCILLATOR_Initialize		CODE           	26AE	0000	29
		_SYSTEM_Initialize		CODE           	2672	0000	31

mcc_generated_files/mcc.c estimated size: 60

C:\Program Files (x86)\Microchip\xc8\v2.10\pic\sources\c99\common\isdigit.c
		_isdigit       		CODE           	24F8	0000	57

C:\Program Files (x86)\Microchip\xc8\v2.10\pic\sources\c99\common\isdigit.c estimated size: 57

C:\Program Files (x86)\Microchip\xc8\v2.10\pic\sources\c99\common\aomod.c
		___aomod       		CODE           	1B82	0000	357

C:\Program Files (x86)\Microchip\xc8\v2.10\pic\sources\c99\common\aomod.c estimated size: 357

C:\Program Files (x86)\Microchip\xc8\v2.10\pic\sources\c99\common\abs.c
		_abs           		CODE           	2396	0000	65

C:\Program Files (x86)\Microchip\xc8\v2.10\pic\sources\c99\common\abs.c estimated size: 65

C:\Program Files (x86)\Microchip\xc8\v2.10\pic\sources\c99\common\Umul16.c
		___wmul        		CODE           	264C	0000	39

C:\Program Files (x86)\Microchip\xc8\v2.10\pic\sources\c99\common\Umul16.c estimated size: 39

mcc_generated_files/spi2.c
		_SPI2_ExchangeByte		CODE           	26CA	0000	27
		_SPI2_Open     		CODE           	1E82	0000	173
		_SPI2_Initialize		CODE           	2724	0000	19
		_SPI2_Close    		CODE           	2780	0000	5

mcc_generated_files/spi2.c estimated size: 224

main.c
		_main          		CODE           	0052	0000	2565
		_myTMR0ISR     		CODE           	1CE6	0000	219

main.c estimated size: 2784

C:\Program Files (x86)\Microchip\xc8\v2.10\pic\sources\c99\common\isupper.c
		_isupper       		CODE           	24C0	0000	57

C:\Program Files (x86)\Microchip\xc8\v2.10\pic\sources\c99\common\isupper.c estimated size: 57

C:\Program Files (x86)\Microchip\xc8\v2.10\pic\sources\c99\common\printf.c
		_printf        		CODE           	25FC	0000	41

C:\Program Files (x86)\Microchip\xc8\v2.10\pic\sources\c99\common\printf.c estimated size: 41

sdCard.c
		_SDCARD_SetIdle		CODE           	1FC8	0000	153
		_hexDumpBuffer 		CODE           	14EE	0000	493
		_SDCARD_PollWriteComplete		CODE           	2450	0000	57
		_SDCARD_ReadBlock		CODE           	1F2E	0000	155
		_SDCARD_HCInitialize		CODE           	19FC	0000	391
		_SDCARD_WriteBlock		CODE           	20F6	0000	143

sdCard.c estimated size: 1392

C:\Program Files (x86)\Microchip\xc8\v2.10\pic\sources\c99\common\nf_fputc.c
		_fputc         		CODE           	2060	0000	151

C:\Program Files (x86)\Microchip\xc8\v2.10\pic\sources\c99\common\nf_fputc.c estimated size: 151

